[simplefinance.net/index.html]
[backblue.gif]
[fade.gif]
[index.html]
[secureservercdn.net/160.153.137.170/m8d.8b4.myftpupload.com/wp-content/uploads/2021/07/bizcorp-home01-box01-img.jpg]
[simplefinance.net/bg/index.html]
[www.google.com/index.html]
[simplefinance.net/feed/index.html]
[simplefinance.net/wp-admin/admin-ajaxd41d.php]
[secureservercdn.net/160.153.137.170/m8d.8b4.myftpupload.com/wp-content/plugins/pagelayer/css/givecss.2b971.delayed]
[simplefinance.net/comments/feed/index.html]
[simplefinance.net/sample-page/feed/index.html]
[secureservercdn.net/160.153.137.170/m8d.8b4.myftpupload.com/wp-content/plugins/lastudio-element-kit/assets/css/addons/css-transformd9b3.css]
[secureservercdn.net/160.153.137.170/m8d.8b4.myftpupload.com/wp-includes/css/dist/block-library/style.min58e3.css]
[secureservercdn.net/160.153.137.170/m8d.8b4.myftpupload.com/wp-content/plugins/contact-form-7/includes/css/stylesc135.css]
[secureservercdn.net/160.153.137.170/m8d.8b4.myftpupload.com/wp-content/plugins/cookie-law-info/public/css/cookie-law-info-publicccd1.css]
[secureservercdn.net/160.153.137.170/m8d.8b4.myftpupload.com/wp-content/plugins/cookie-law-info/public/css/cookie-law-info-gdprccd1.css]
[secureservercdn.net/160.153.137.170/m8d.8b4.myftpupload.com/wp-content/plugins/sitepress-multilingual-cms/templates/language-switchers/legacy-list-horizontal/style.min1f37.css]
[secureservercdn.net/160.153.137.170/m8d.8b4.myftpupload.com/wp-content/plugins/sitepress-multilingual-cms/templates/language-switchers/menu-item/style.min1f37.css]
[secureservercdn.net/160.153.137.170/m8d.8b4.myftpupload.com/wp-content/plugins/header-footer-elementor/assets/css/header-footer-elementorb782.css]
[secureservercdn.net/160.153.137.170/m8d.8b4.myftpupload.com/wp-content/plugins/elementor/assets/lib/eicons/css/elementor-icons.min0059.css]
[secureservercdn.net/160.153.137.170/m8d.8b4.myftpupload.com/wp-content/plugins/elementor/assets/css/frontend.min8f16.css]
[secureservercdn.net/160.153.137.170/m8d.8b4.myftpupload.com/wp-content/uploads/elementor/css/post-147d6d7.css]
[secureservercdn.net/160.153.137.170/m8d.8b4.myftpupload.com/wp-content/uploads/elementor/css/post-2945b.css]
[secureservercdn.net/160.153.137.170/m8d.8b4.myftpupload.com/wp-content/plugins/header-footer-elementor/inc/widgets-css/frontendb782.css]
[secureservercdn.net/160.153.137.170/m8d.8b4.myftpupload.com/wp-content/uploads/elementor/css/post-5459f5c3.css]
[secureservercdn.net/160.153.137.170/m8d.8b4.myftpupload.com/wp-content/uploads/elementor/css/post-5685b53d.css]
[secureservercdn.net/160.153.137.170/m8d.8b4.myftpupload.com/wp-content/uploads/popularfx-templates/financy/style487a.css]
[secureservercdn.net/160.153.137.170/m8d.8b4.myftpupload.com/wp-content/themes/popularfx/sidebar487a.css]
[secureservercdn.net/160.153.137.170/m8d.8b4.myftpupload.com/wp-content/plugins/elementskit-lite/modules/elementskit-icon-pack/assets/css/ekiticons5e01.css]
[secureservercdn.net/160.153.137.170/m8d.8b4.myftpupload.com/wp-content/plugins/elementskit-lite/widgets/init/assets/css/widget-styles5e01.css]
[secureservercdn.net/160.153.137.170/m8d.8b4.myftpupload.com/wp-content/plugins/elementskit-lite/widgets/init/assets/css/responsive5e01.css]
[secureservercdn.net/160.153.137.170/m8d.8b4.myftpupload.com/wp-content/plugins/elementor/assets/lib/font-awesome/css/fontawesome.min24d1.css]
[secureservercdn.net/160.153.137.170/m8d.8b4.myftpupload.com/wp-content/plugins/elementor/assets/lib/font-awesome/css/solid.min24d1.css]
[secureservercdn.net/160.153.137.170/m8d.8b4.myftpupload.com/wp-content/plugins/lastudio-element-kit/includes/framework/elementor-extension/assets/css/icofont3ab7.css]
[secureservercdn.net/160.153.137.170/m8d.8b4.myftpupload.com/wp-content/plugins/elementor/assets/lib/font-awesome/css/regular.min24d1.css]
[secureservercdn.net/160.153.137.170/m8d.8b4.myftpupload.com/wp-content/plugins/elementor/assets/lib/font-awesome/css/brands.min24d1.css]
[secureservercdn.net/160.153.137.170/m8d.8b4.myftpupload.com/wp-includes/js/jquery/jquery.minb069.js]
[secureservercdn.net/160.153.137.170/m8d.8b4.myftpupload.com/wp-includes/js/jquery/jquery-migrate.mind84b.js]
[secureservercdn.net/160.153.137.170/m8d.8b4.myftpupload.com/wp-content/plugins/cookie-law-info/public/js/cookie-law-info-publicccd1.js]
[simplefinance.net/wp-json/wp/v2/pages/2.json]
[simplefinance.net/wp-json/index.html]
[simplefinance.net/xmlrpc0db0.php]
[secureservercdn.net/160.153.137.170/m8d.8b4.myftpupload.com/wp-includes/wlwmanifest882d.xml]
[simplefinance.net/wp-json/oembed/1.0/embedf544.json]
[simplefinance.net/wp-json/oembed/1.0/embeda795]
[simplefinance.net/xmlrpc.php]
[secureservercdn.net/160.153.137.170/m8d.8b4.myftpupload.com/wp-content/uploads/2021/07/cropped-simple-finance_brand-identity--32x32.png]
[secureservercdn.net/160.153.137.170/m8d.8b4.myftpupload.com/wp-content/uploads/2021/07/cropped-simple-finance_brand-identity--192x192.png]
[secureservercdn.net/160.153.137.170/m8d.8b4.myftpupload.com/wp-content/uploads/2021/07/cropped-simple-finance_brand-identity--180x180.png]
[secureservercdn.net/160.153.137.170/m8d.8b4.myftpupload.com/wp-content/uploads/2021/07/Simple-Finance_Brand-Identity-landing882d.png]
[secureservercdn.net/160.153.137.170/m8d.8b4.myftpupload.com/wp-content/plugins/sitepress-multilingual-cms/res/flags/en.png]
[simplefinance.net/simple-it/index.html]
[simplefinance.net/simple-law/index.html]
[simplefinance.net/simple-marketing/index.html]
[simplefinance.net/contacts/index.html]
[secureservercdn.net/160.153.137.170/m8d.8b4.myftpupload.com/wp-content/plugins/sitepress-multilingual-cms/res/flags/bg.png]
[secureservercdn.net/160.153.137.170/m8d.8b4.myftpupload.com/wp-content/uploads/2021/07/bizcorp-home01-box01-img882d.jpg]
[secureservercdn.net/160.153.137.170/m8d.8b4.myftpupload.com/wp-content/uploads/2021/07/home01-box-img02882d.jpg]
[secureservercdn.net/160.153.137.170/m8d.8b4.myftpupload.com/wp-content/uploads/2021/07/home01-box-img03882d.jpg]
[secureservercdn.net/160.153.137.170/m8d.8b4.myftpupload.com/wp-content/uploads/2021/07/icon-01882d.png]
[secureservercdn.net/160.153.137.170/m8d.8b4.myftpupload.com/wp-content/uploads/2021/07/icon04882d.png]
[secureservercdn.net/160.153.137.170/m8d.8b4.myftpupload.com/wp-content/uploads/2021/07/icon02882d.png]
[secureservercdn.net/160.153.137.170/m8d.8b4.myftpupload.com/wp-content/uploads/2021/07/icon05882d.png]
[secureservercdn.net/160.153.137.170/m8d.8b4.myftpupload.com/wp-content/uploads/2021/07/icon03882d.png]
[secureservercdn.net/160.153.137.170/m8d.8b4.myftpupload.com/wp-content/uploads/2021/07/icon06882d.png]
[secureservercdn.net/160.153.137.170/m8d.8b4.myftpupload.com/wp-content/uploads/2021/07/icon08882d.png]
[secureservercdn.net/160.153.137.170/m8d.8b4.myftpupload.com/wp-content/uploads/2021/07/left-quote882d.png]
[secureservercdn.net/160.153.137.170/m8d.8b4.myftpupload.com/wp-content/uploads/2021/07/clnt-img01882d.png]
[secureservercdn.net/160.153.137.170/m8d.8b4.myftpupload.com/wp-content/uploads/2021/07/AD-logo882d.png]
[secureservercdn.net/160.153.137.170/m8d.8b4.myftpupload.com/wp-content/uploads/2021/09/TUV_LOGO882d.png]
[simplefinance.net/privacy-policy/index.html]
[simplefinance.net/terms-and-conditions/index.html]
[simplefinance.net/cookie-policy/index.html]
[secureservercdn.net/160.153.137.170/m8d.8b4.myftpupload.com/wp-content/uploads/2021/09/TUV_LOGO_WHITE882d.png]
[secureservercdn.net/160.153.137.170/m8d.8b4.myftpupload.com/wp-content/uploads/2021/09/CRAYON_LOGO882d.png]
[secureservercdn.net/160.153.137.170/m8d.8b4.myftpupload.com/wp-content/uploads/2021/09/CRAYON_LOGO_WHITE882d.png]
[secureservercdn.net/160.153.137.170/m8d.8b4.myftpupload.com/wp-content/uploads/2021/09/AD_LOGO882d.png]
[secureservercdn.net/160.153.137.170/m8d.8b4.myftpupload.com/wp-content/uploads/2021/09/AD_LOGO_WHITE882d.png]
[secureservercdn.net/160.153.137.170/m8d.8b4.myftpupload.com/wp-content/uploads/2021/09/0000809-1882d.png]
[secureservercdn.net/160.153.137.170/m8d.8b4.myftpupload.com/wp-content/uploads/2021/09/NAVTECH_LOGO_WHITE882d.png]
[secureservercdn.net/160.153.137.170/m8d.8b4.myftpupload.com/wp-content/uploads/2021/09/POLYCOMP_LOGO882d.png]
[secureservercdn.net/160.153.137.170/m8d.8b4.myftpupload.com/wp-content/uploads/2021/09/POLYCOMP_LOGO_WHITE882d.png]
[secureservercdn.net/160.153.137.170/m8d.8b4.myftpupload.com/wp-content/uploads/2021/09/CHECKPOINT_LOGO882d.png]
[secureservercdn.net/160.153.137.170/m8d.8b4.myftpupload.com/wp-content/uploads/2021/09/CHECKPOINT_LOGO_WHITE882d.png]
[secureservercdn.net/160.153.137.170/m8d.8b4.myftpupload.com/wp-content/plugins/revslider/public/assets/fonts/revicons/revicons90c6.woff]
[secureservercdn.net/160.153.137.170/m8d.8b4.myftpupload.com/wp-content/plugins/lastudio-element-kit/assets/css/addons/motion-fxd9b3.css]
[secureservercdn.net/160.153.137.170/m8d.8b4.myftpupload.com/wp-content/plugins/elementor/assets/lib/animations/animations.min8f16.css]
[secureservercdn.net/160.153.137.170/m8d.8b4.myftpupload.com/wp-content/plugins/revslider/public/assets/css/rs69bdb.css]
[secureservercdn.net/160.153.137.170/m8d.8b4.myftpupload.com/wp-includes/js/dist/vendor/regenerator-runtime.minca62.js]
[secureservercdn.net/160.153.137.170/m8d.8b4.myftpupload.com/wp-includes/js/dist/vendor/wp-polyfill.min2cb8.js]
[secureservercdn.net/160.153.137.170/m8d.8b4.myftpupload.com/wp-content/plugins/contact-form-7/includes/js/indexc135.js]
[secureservercdn.net/160.153.137.170/m8d.8b4.myftpupload.com/wp-content/plugins/mystickymenu/js/detectmobilebrowsere88e.js]
[secureservercdn.net/160.153.137.170/m8d.8b4.myftpupload.com/wp-content/plugins/mystickymenu/js/mystickymenu.mine88e.js]
[secureservercdn.net/160.153.137.170/m8d.8b4.myftpupload.com/wp-content/plugins/revslider/public/assets/js/rbtools.min9bdb.js]
[secureservercdn.net/160.153.137.170/m8d.8b4.myftpupload.com/wp-content/plugins/revslider/public/assets/js/rs6.min9bdb.js]
[secureservercdn.net/160.153.137.170/m8d.8b4.myftpupload.com/wp-content/themes/popularfx/js/navigation487a.js]
[secureservercdn.net/160.153.137.170/m8d.8b4.myftpupload.com/wp-content/plugins/elementskit-lite/libs/framework/assets/js/frontend-script5e01.js]
[secureservercdn.net/160.153.137.170/m8d.8b4.myftpupload.com/wp-content/plugins/elementskit-lite/widgets/init/assets/js/widget-scripts5e01.js]
[www.google.com/recaptcha/api486e.js]
[secureservercdn.net/160.153.137.170/m8d.8b4.myftpupload.com/wp-content/plugins/contact-form-7/modules/recaptcha/indexc135.js]
[secureservercdn.net/160.153.137.170/m8d.8b4.myftpupload.com/wp-content/plugins/header-footer-elementor/inc/js/frontendb782.js]
[secureservercdn.net/160.153.137.170/m8d.8b4.myftpupload.com/wp-content/plugins/elementor/assets/js/webpack.runtime.min8f16.js]
[secureservercdn.net/160.153.137.170/m8d.8b4.myftpupload.com/wp-content/plugins/elementor/assets/js/frontend-modules.min8f16.js]
[secureservercdn.net/160.153.137.170/m8d.8b4.myftpupload.com/wp-content/plugins/lastudio-element-kit/assets/js/lib/jquery.sticky.mind9b3.js]
[secureservercdn.net/160.153.137.170/m8d.8b4.myftpupload.com/wp-content/plugins/lastudio-element-kit/assets/js/addons/motion-fx.mind9b3.js]
[secureservercdn.net/160.153.137.170/m8d.8b4.myftpupload.com/wp-content/plugins/elementor/assets/lib/waypoints/waypoints.min0121.js]
[secureservercdn.net/160.153.137.170/m8d.8b4.myftpupload.com/wp-includes/js/jquery/ui/core.min01fd.js]
[secureservercdn.net/160.153.137.170/m8d.8b4.myftpupload.com/wp-content/plugins/elementor/assets/lib/swiper/swiper.min37c4.js]
[secureservercdn.net/160.153.137.170/m8d.8b4.myftpupload.com/wp-content/plugins/elementor/assets/lib/share-link/share-link.min8f16.js]
[secureservercdn.net/160.153.137.170/m8d.8b4.myftpupload.com/wp-content/plugins/elementor/assets/lib/dialog/dialog.min8986.js]
[secureservercdn.net/160.153.137.170/m8d.8b4.myftpupload.com/wp-content/plugins/elementor/assets/js/frontend.min8f16.js]
[secureservercdn.net/160.153.137.170/m8d.8b4.myftpupload.com/wp-content/plugins/elementskit-lite/widgets/init/assets/js/animate-circle5e01.js]
[secureservercdn.net/160.153.137.170/m8d.8b4.myftpupload.com/wp-content/plugins/elementskit-lite/widgets/init/assets/js/elementor5e01.js]
[secureservercdn.net/160.153.137.170/m8d.8b4.myftpupload.com/wp-content/plugins/elementor/assets/js/preloaded-modules.min8f16.js]
[img1.wsimg.com/tcc/tcc_l.combined.1.0.6.min.js]
[img6.wsimg.com/wrhs/ce554d2333f3801abafb32da18213ff7/tti.min.js]
[simplefinance.net/index.html]
[secureservercdn.net/160.153.137.170/m8d.8b4.myftpupload.com/wp-content/plugins/pagelayer/css/givecssa7ac.php]
[secureservercdn.net/160.153.137.170/m8d.8b4.myftpupload.com/wp-content/plugins/lastudio-element-kit/assets/css/addons/css-transform5bad.css]
[secureservercdn.net/160.153.137.170/m8d.8b4.myftpupload.com/wp-includes/css/dist/block-library/style.min8137.css]
[simplefinance.net/bg/comments/feed/index.html]
[simplefinance.net/bg/feed/index.html]
[simplefinance.net/bg/elementor-3155/feed/index.html]
[secureservercdn.net/160.153.137.170/m8d.8b4.myftpupload.com/wp-content/plugins/contact-form-7/includes/css/styles900c.css]
[secureservercdn.net/160.153.137.170/m8d.8b4.myftpupload.com/wp-content/plugins/cookie-law-info/public/css/cookie-law-info-public5b25.css]
[secureservercdn.net/160.153.137.170/m8d.8b4.myftpupload.com/wp-content/plugins/cookie-law-info/public/css/cookie-law-info-gdpr5b25.css]
[secureservercdn.net/160.153.137.170/m8d.8b4.myftpupload.com/wp-content/plugins/sitepress-multilingual-cms/templates/language-switchers/menu-item/style.mineaba.css]
[secureservercdn.net/160.153.137.170/m8d.8b4.myftpupload.com/wp-content/plugins/header-footer-elementor/assets/css/header-footer-elementor29bd.css]
[secureservercdn.net/160.153.137.170/m8d.8b4.myftpupload.com/wp-content/plugins/elementor/assets/lib/eicons/css/elementor-icons.mincc7b.css]
[secureservercdn.net/160.153.137.170/m8d.8b4.myftpupload.com/wp-content/plugins/elementor/assets/css/frontend.mincec8.css]
[secureservercdn.net/160.153.137.170/m8d.8b4.myftpupload.com/wp-content/uploads/elementor/css/post-147b103.css]
[secureservercdn.net/160.153.137.170/m8d.8b4.myftpupload.com/wp-content/uploads/elementor/css/post-31552a64.css]
[secureservercdn.net/160.153.137.170/m8d.8b4.myftpupload.com/wp-content/plugins/header-footer-elementor/inc/widgets-css/frontend29bd.css]
[secureservercdn.net/160.153.137.170/m8d.8b4.myftpupload.com/wp-content/uploads/elementor/css/post-5562779c.css]
[secureservercdn.net/160.153.137.170/m8d.8b4.myftpupload.com/wp-content/uploads/elementor/css/post-57110aac.css]
[secureservercdn.net/160.153.137.170/m8d.8b4.myftpupload.com/wp-content/uploads/popularfx-templates/financy/style130b.css]
[secureservercdn.net/160.153.137.170/m8d.8b4.myftpupload.com/wp-content/themes/popularfx/sidebar130b.css]
[secureservercdn.net/160.153.137.170/m8d.8b4.myftpupload.com/wp-content/plugins/elementskit-lite/modules/elementskit-icon-pack/assets/css/ekiticonsc772.css]
[secureservercdn.net/160.153.137.170/m8d.8b4.myftpupload.com/wp-content/plugins/elementskit-lite/widgets/init/assets/css/widget-stylesc772.css]
[secureservercdn.net/160.153.137.170/m8d.8b4.myftpupload.com/wp-content/plugins/elementskit-lite/widgets/init/assets/css/responsivec772.css]
[secureservercdn.net/160.153.137.170/m8d.8b4.myftpupload.com/wp-content/plugins/elementor/assets/lib/font-awesome/css/fontawesome.min345b.css]
[secureservercdn.net/160.153.137.170/m8d.8b4.myftpupload.com/wp-content/plugins/elementor/assets/lib/font-awesome/css/solid.min345b.css]
[secureservercdn.net/160.153.137.170/m8d.8b4.myftpupload.com/wp-content/plugins/lastudio-element-kit/includes/framework/elementor-extension/assets/css/icofontb7f8.css]
[secureservercdn.net/160.153.137.170/m8d.8b4.myftpupload.com/wp-content/plugins/elementor/assets/lib/font-awesome/css/regular.min345b.css]
[secureservercdn.net/160.153.137.170/m8d.8b4.myftpupload.com/wp-content/plugins/elementor/assets/lib/font-awesome/css/brands.min345b.css]
[secureservercdn.net/160.153.137.170/m8d.8b4.myftpupload.com/wp-includes/js/jquery/jquery.min945c.js]
[secureservercdn.net/160.153.137.170/m8d.8b4.myftpupload.com/wp-includes/js/jquery/jquery-migrate.min703a.js]
[secureservercdn.net/160.153.137.170/m8d.8b4.myftpupload.com/wp-content/plugins/cookie-law-info/public/js/cookie-law-info-public5b25.js]
[simplefinance.net/bg/wp-json/wp/v2/pages/3155.json]
[simplefinance.net/bg/wp-json/index.html]
[secureservercdn.net/160.153.137.170/m8d.8b4.myftpupload.com/wp-includes/wlwmanifest32a6.xml]
[simplefinance.net/bg/wp-json/oembed/1.0/embed35c9.json]
[simplefinance.net/bg/wp-json/oembed/1.0/embeda14f]
[secureservercdn.net/160.153.137.170/m8d.8b4.myftpupload.com/wp-content/uploads/2021/07/Simple-Finance_Brand-Identity-landing32a6.png]
[secureservercdn.net/160.153.137.170/m8d.8b4.myftpupload.com/wp-content/uploads/2021/07/bizcorp-home01-box01-img32a6.jpg]
[simplefinance.net/bg/simple-it/index.html]
[simplefinance.net/bg/simple-marketing/index.html]
[simplefinance.net/bg/контакти/index.html]
[simplefinance.net/bg/simple-law/index.html]
[secureservercdn.net/160.153.137.170/m8d.8b4.myftpupload.com/wp-content/uploads/2021/07/home01-box-img0232a6.jpg]
[secureservercdn.net/160.153.137.170/m8d.8b4.myftpupload.com/wp-content/uploads/2021/07/home01-box-img0332a6.jpg]
[secureservercdn.net/160.153.137.170/m8d.8b4.myftpupload.com/wp-content/uploads/2021/07/icon-0132a6.png]
[secureservercdn.net/160.153.137.170/m8d.8b4.myftpupload.com/wp-content/uploads/2021/07/icon0432a6.png]
[secureservercdn.net/160.153.137.170/m8d.8b4.myftpupload.com/wp-content/uploads/2021/07/icon0232a6.png]
[secureservercdn.net/160.153.137.170/m8d.8b4.myftpupload.com/wp-content/uploads/2021/07/icon0532a6.png]
[secureservercdn.net/160.153.137.170/m8d.8b4.myftpupload.com/wp-content/uploads/2021/07/icon0332a6.png]
[secureservercdn.net/160.153.137.170/m8d.8b4.myftpupload.com/wp-content/uploads/2021/07/icon0632a6.png]
[secureservercdn.net/160.153.137.170/m8d.8b4.myftpupload.com/wp-content/uploads/2021/07/icon0832a6.png]
[secureservercdn.net/160.153.137.170/m8d.8b4.myftpupload.com/wp-content/uploads/2021/07/left-quote32a6.png]
[secureservercdn.net/160.153.137.170/m8d.8b4.myftpupload.com/wp-content/uploads/2021/07/clnt-img0132a6.png]
[secureservercdn.net/160.153.137.170/m8d.8b4.myftpupload.com/wp-content/uploads/2021/07/image0132a6.png]
[secureservercdn.net/160.153.137.170/m8d.8b4.myftpupload.com/wp-content/uploads/2021/07/image0232a6.png]
[secureservercdn.net/160.153.137.170/m8d.8b4.myftpupload.com/wp-content/uploads/2021/07/image0332a6.png]
[secureservercdn.net/160.153.137.170/m8d.8b4.myftpupload.com/wp-content/uploads/2021/07/client_1_black32a6.png]
[secureservercdn.net/160.153.137.170/m8d.8b4.myftpupload.com/wp-content/uploads/2021/07/client_1_white32a6.png]
[secureservercdn.net/160.153.137.170/m8d.8b4.myftpupload.com/wp-content/uploads/2021/07/client_2_black32a6.png]
[secureservercdn.net/160.153.137.170/m8d.8b4.myftpupload.com/wp-content/uploads/2021/07/client_2_white32a6.png]
[secureservercdn.net/160.153.137.170/m8d.8b4.myftpupload.com/wp-content/uploads/2021/07/client_3_black32a6.png]
[secureservercdn.net/160.153.137.170/m8d.8b4.myftpupload.com/wp-content/uploads/2021/07/client_3_white32a6.png]
[secureservercdn.net/160.153.137.170/m8d.8b4.myftpupload.com/wp-content/uploads/2021/07/client_4_black32a6.png]
[secureservercdn.net/160.153.137.170/m8d.8b4.myftpupload.com/wp-content/uploads/2021/07/client_4_white32a6.png]
[secureservercdn.net/160.153.137.170/m8d.8b4.myftpupload.com/wp-content/uploads/2021/07/client_8_black32a6.png]
[secureservercdn.net/160.153.137.170/m8d.8b4.myftpupload.com/wp-content/uploads/2021/07/client_8_white32a6.png]
[secureservercdn.net/160.153.137.170/m8d.8b4.myftpupload.com/wp-content/uploads/2021/07/AD-logo32a6.png]
[simplefinance.net/bg/obshti-usloviq/index.html]
[secureservercdn.net/160.153.137.170/m8d.8b4.myftpupload.com/wp-content/plugins/lastudio-element-kit/assets/css/addons/motion-fx5bad.css]
[simplefinance.net/bg/защита-на-личните-данни/index.html]
[secureservercdn.net/160.153.137.170/m8d.8b4.myftpupload.com/wp-content/plugins/cookie-law-info/public/css/cookie-law-info-table5b25.css]
[simplefinance.net/bg/politika-na-poveritelnost/index.html]
[secureservercdn.net/160.153.137.170/m8d.8b4.myftpupload.com/wp-content/plugins/elementor/assets/lib/animations/animations.mincec8.css]
[secureservercdn.net/160.153.137.170/m8d.8b4.myftpupload.com/wp-content/plugins/revslider/public/assets/css/rs68208.css]
[secureservercdn.net/160.153.137.170/m8d.8b4.myftpupload.com/wp-includes/js/dist/vendor/regenerator-runtime.mine1a5.js]
[secureservercdn.net/160.153.137.170/m8d.8b4.myftpupload.com/wp-includes/js/dist/vendor/wp-polyfill.min5051.js]
[secureservercdn.net/160.153.137.170/m8d.8b4.myftpupload.com/wp-content/plugins/contact-form-7/includes/js/index900c.js]
[secureservercdn.net/160.153.137.170/m8d.8b4.myftpupload.com/wp-content/plugins/mystickymenu/js/detectmobilebrowser8880.js]
[secureservercdn.net/160.153.137.170/m8d.8b4.myftpupload.com/wp-content/plugins/mystickymenu/js/mystickymenu.min8880.js]
[secureservercdn.net/160.153.137.170/m8d.8b4.myftpupload.com/wp-content/plugins/revslider/public/assets/js/rbtools.min8208.js]
[secureservercdn.net/160.153.137.170/m8d.8b4.myftpupload.com/wp-content/plugins/revslider/public/assets/js/rs6.min8208.js]
[secureservercdn.net/160.153.137.170/m8d.8b4.myftpupload.com/wp-content/themes/popularfx/js/navigation130b.js]
[secureservercdn.net/160.153.137.170/m8d.8b4.myftpupload.com/wp-content/plugins/elementskit-lite/libs/framework/assets/js/frontend-scriptc772.js]
[secureservercdn.net/160.153.137.170/m8d.8b4.myftpupload.com/wp-content/plugins/elementskit-lite/widgets/init/assets/js/widget-scriptsc772.js]
[secureservercdn.net/160.153.137.170/m8d.8b4.myftpupload.com/wp-content/plugins/contact-form-7/modules/recaptcha/index900c.js]
[secureservercdn.net/160.153.137.170/m8d.8b4.myftpupload.com/wp-content/plugins/header-footer-elementor/inc/js/frontend29bd.js]
[secureservercdn.net/160.153.137.170/m8d.8b4.myftpupload.com/wp-content/plugins/elementor/assets/js/webpack.runtime.mincec8.js]
[secureservercdn.net/160.153.137.170/m8d.8b4.myftpupload.com/wp-content/plugins/elementor/assets/js/frontend-modules.mincec8.js]
[secureservercdn.net/160.153.137.170/m8d.8b4.myftpupload.com/wp-content/plugins/lastudio-element-kit/assets/js/lib/jquery.sticky.min5bad.js]
[secureservercdn.net/160.153.137.170/m8d.8b4.myftpupload.com/wp-content/plugins/lastudio-element-kit/assets/js/addons/motion-fx.min5bad.js]
[secureservercdn.net/160.153.137.170/m8d.8b4.myftpupload.com/wp-content/plugins/elementor/assets/lib/waypoints/waypoints.minc2e2.js]
[secureservercdn.net/160.153.137.170/m8d.8b4.myftpupload.com/wp-includes/js/jquery/ui/core.minae71.js]
[secureservercdn.net/160.153.137.170/m8d.8b4.myftpupload.com/wp-content/plugins/elementor/assets/lib/swiper/swiper.mina5b7.js]
[secureservercdn.net/160.153.137.170/m8d.8b4.myftpupload.com/wp-content/plugins/elementor/assets/lib/share-link/share-link.mincec8.js]
[secureservercdn.net/160.153.137.170/m8d.8b4.myftpupload.com/wp-content/plugins/elementor/assets/lib/dialog/dialog.min101e.js]
[secureservercdn.net/160.153.137.170/m8d.8b4.myftpupload.com/wp-content/plugins/elementor/assets/js/frontend.mincec8.js]
[secureservercdn.net/160.153.137.170/m8d.8b4.myftpupload.com/wp-content/plugins/elementskit-lite/widgets/init/assets/js/animate-circlec772.js]
[secureservercdn.net/160.153.137.170/m8d.8b4.myftpupload.com/wp-content/plugins/elementskit-lite/widgets/init/assets/js/elementorc772.js]
[secureservercdn.net/160.153.137.170/m8d.8b4.myftpupload.com/wp-content/plugins/elementor/assets/js/preloaded-modules.mincec8.js]
[simplefinance.net/bg/index.html]
[ssl.gstatic.com/gb/images/b_8d5afc09.png]
[www.google.com/search.c2ab38.delayed]
[www.google.com/logos/doodles/2022/nowruz-2022-6753651837109194.3-l.png]
[www.google.com/index.html]
[s.w.org/index.html]
[simplefinance.net/wp-admin/admin-ajaxd41d.html]
[secureservercdn.net/160.153.137.170/m8d.8b4.myftpupload.com/wp-content/plugins/pagelayer/css/givecssb971.html]
[fonts.googleapis.com/css7cbd.css]
[simplefinance.net/xmlrpc.php]
[secureservercdn.net/160.153.137.170/m8d.8b4.myftpupload.com/wp-content/uploads/2021/07/icon08.png]
[secureservercdn.net/160.153.137.170/m8d.8b4.myftpupload.com/wp-content/uploads/elementor/css/post-760bcb4.css]
[secureservercdn.net/160.153.137.170/m8d.8b4.myftpupload.com/wp-content/uploads/elementor/css/post-54595219.css]
[simplefinance.net/wp-json/wp/v2/pages/760.json]
[simplefinance.net/simple-marketing/feed/index.html]
[simplefinance.net/wp-json/oembed/1.0/embed9914.json]
[simplefinance.net/wp-json/oembed/1.0/embedbf31]
[secureservercdn.net/160.153.137.170/m8d.8b4.myftpupload.com/wp-content/uploads/2021/08/icon2832a6.png]
[secureservercdn.net/160.153.137.170/m8d.8b4.myftpupload.com/wp-content/uploads/2021/10/insta-132a6.png]
[secureservercdn.net/160.153.137.170/m8d.8b4.myftpupload.com/wp-content/uploads/2021/08/Untitled-1-0432a6.png]
[secureservercdn.net/160.153.137.170/m8d.8b4.myftpupload.com/wp-content/uploads/2021/10/insta32a6.png]
[secureservercdn.net/160.153.137.170/m8d.8b4.myftpupload.com/wp-content/uploads/2021/10/linkedin32a6.png]
[secureservercdn.net/160.153.137.170/m8d.8b4.myftpupload.com/wp-content/uploads/2021/08/Untitled-1-0532a6.png]
[secureservercdn.net/160.153.137.170/m8d.8b4.myftpupload.com/wp-content/uploads/2021/08/Untitled-1-0732a6.png]
[secureservercdn.net/160.153.137.170/m8d.8b4.myftpupload.com/wp-content/uploads/2021/08/Untitled-1-06-132a6.png]
[secureservercdn.net/160.153.137.170/m8d.8b4.myftpupload.com/wp-content/uploads/2021/09/TUV_LOGO32a6.png]
[secureservercdn.net/160.153.137.170/m8d.8b4.myftpupload.com/wp-content/uploads/2021/09/TUV_LOGO_WHITE32a6.png]
[secureservercdn.net/160.153.137.170/m8d.8b4.myftpupload.com/wp-content/uploads/2021/09/CRAYON_LOGO32a6.png]
[secureservercdn.net/160.153.137.170/m8d.8b4.myftpupload.com/wp-content/uploads/2021/09/CRAYON_LOGO_WHITE32a6.png]
[secureservercdn.net/160.153.137.170/m8d.8b4.myftpupload.com/wp-content/uploads/2021/09/AD_LOGO32a6.png]
[secureservercdn.net/160.153.137.170/m8d.8b4.myftpupload.com/wp-content/uploads/2021/09/AD_LOGO_WHITE32a6.png]
[secureservercdn.net/160.153.137.170/m8d.8b4.myftpupload.com/wp-content/uploads/2021/09/0000809-132a6.png]
[secureservercdn.net/160.153.137.170/m8d.8b4.myftpupload.com/wp-content/uploads/2021/09/NAVTECH_LOGO_WHITE32a6.png]
[secureservercdn.net/160.153.137.170/m8d.8b4.myftpupload.com/wp-content/uploads/2021/09/POLYCOMP_LOGO32a6.png]
[secureservercdn.net/160.153.137.170/m8d.8b4.myftpupload.com/wp-content/uploads/2021/09/POLYCOMP_LOGO_WHITE32a6.png]
[secureservercdn.net/160.153.137.170/m8d.8b4.myftpupload.com/wp-content/uploads/2021/09/CHECKPOINT_LOGO32a6.png]
[secureservercdn.net/160.153.137.170/m8d.8b4.myftpupload.com/wp-content/uploads/2021/09/CHECKPOINT_LOGO_WHITE32a6.png]
[simplefinance.net/simple-marketing/index.html]
[secureservercdn.net/160.153.137.170/m8d.8b4.myftpupload.com/wp-content/uploads/2021/09/Simple_IT_Brand-Identity_V1-1024x337.png]
[secureservercdn.net/160.153.137.170/m8d.8b4.myftpupload.com/wp-content/uploads/elementor/css/post-7653ac2.css]
[simplefinance.net/simple-it/feed/index.html]
[simplefinance.net/wp-json/wp/v2/pages/765.json]
[simplefinance.net/wp-json/oembed/1.0/embed5371.json]
[simplefinance.net/wp-json/oembed/1.0/embed7378]
[secureservercdn.net/160.153.137.170/m8d.8b4.myftpupload.com/wp-content/uploads/2021/08/service-box-img32a6.jpg]
[secureservercdn.net/160.153.137.170/m8d.8b4.myftpupload.com/wp-content/uploads/2021/08/image432a6.jpg]
[secureservercdn.net/160.153.137.170/m8d.8b4.myftpupload.com/wp-content/uploads/2021/07/separator0132a6.jpg]
[simplefinance.net/simple-it/index.html]
[secureservercdn.net/160.153.137.170/m8d.8b4.myftpupload.com/wp-content/uploads/elementor/css/post-607700d3.css]
[secureservercdn.net/160.153.137.170/m8d.8b4.myftpupload.com/wp-content/uploads/elementor/css/post-5685b230.css]
[simplefinance.net/simple-law/feed/index.html]
[simplefinance.net/wp-json/wp/v2/pages/6077.json]
[simplefinance.net/wp-json/oembed/1.0/embed8934.json]
[simplefinance.net/wp-json/oembed/1.0/embed9e0a]
[simplefinance.net/simple-law/index.html]
[secureservercdn.net/160.153.137.170/m8d.8b4.myftpupload.com/wp-content/uploads/elementor/css/post-767be56.css]
[simplefinance.net/contacts/feed/index.html]
[simplefinance.net/wp-json/wp/v2/pages/767.json]
[simplefinance.net/wp-json/oembed/1.0/embed295a.json]
[simplefinance.net/contacts/index.html]
[simplefinance.net/wp-json/oembed/1.0/embedc02e]
[secureservercdn.net/160.153.137.170/m8d.8b4.myftpupload.com/wp-content/uploads/elementor/css/post-496651fa.css]
[secureservercdn.net/160.153.137.170/m8d.8b4.myftpupload.com/wp-content/uploads/elementor/css/post-58182c5e.css]
[simplefinance.net/wp-json/wp/v2/pages/4966.json]
[simplefinance.net/wp-json/oembed/1.0/embed8d8e.json]
[simplefinance.net/wp-json/oembed/1.0/embede7af]
[simplefinance.net/terms-and-conditions/index.html]
[secureservercdn.net/160.153.137.170/m8d.8b4.myftpupload.com/wp-content/uploads/2021/07/Simple-Finance_Brand-Identity-landing.png]
[secureservercdn.net/160.153.137.170/m8d.8b4.myftpupload.com/wp-content/uploads/elementor/css/post-49631495.css]
[simplefinance.net/wp-json/wp/v2/pages/4963.json]
[simplefinance.net/wp-json/oembed/1.0/embed475e.json]
[simplefinance.net/wp-json/oembed/1.0/embedd82c]
[simplefinance.net/cookie-policy/index.html]
[secureservercdn.net/160.153.137.170/m8d.8b4.myftpupload.com/wp-content/uploads/elementor/css/post-496813a2.css]
[simplefinance.net/bg/politika-za-poveritelnost/index.html]
[simplefinance.net/wp-json/wp/v2/pages/4968.json]
[simplefinance.net/wp-json/oembed/1.0/embed9ecd.json]
[simplefinance.net/wp-json/oembed/1.0/embed1931]
[simplefinance.net/privacy-policy/index.html]
[secureservercdn.net/160.153.137.170/m8d.8b4.myftpupload.com/wp-content/plugins/pagelayer/css/givecssa7ac.html]
[fonts.googleapis.com/cssbf5f.css]
[secureservercdn.net/160.153.137.170/m8d.8b4.myftpupload.com/wp-content/uploads/elementor/css/post-325090c4.css]
[simplefinance.net/bg/simple-marketing/feed/index.html]
[simplefinance.net/bg/wp-json/wp/v2/pages/3250.json]
[simplefinance.net/bg/wp-json/oembed/1.0/embed7c83.json]
[simplefinance.net/bg/simple-marketing/index.html]
[simplefinance.net/bg/wp-json/oembed/1.0/embed3253]
[simplefinance.net/bg/simple-it/feed/index.html]
[secureservercdn.net/160.153.137.170/m8d.8b4.myftpupload.com/wp-content/uploads/elementor/css/post-3380b1f3.css]
[secureservercdn.net/160.153.137.170/m8d.8b4.myftpupload.com/wp-content/uploads/elementor/css/post-5582b9b0.css]
[simplefinance.net/bg/wp-json/wp/v2/pages/3380.json]
[simplefinance.net/bg/wp-json/oembed/1.0/embed516f.json]
[simplefinance.net/bg/simple-it/index.html]
[simplefinance.net/bg/wp-json/oembed/1.0/embeda068]
[simplefinance.net/bg/simple-law/feed/index.html]
[secureservercdn.net/160.153.137.170/m8d.8b4.myftpupload.com/wp-content/uploads/elementor/css/post-6158ddf8.css]
[simplefinance.net/bg/wp-json/wp/v2/pages/6158.json]
[simplefinance.net/bg/wp-json/oembed/1.0/embed1b61.json]
[simplefinance.net/bg/simple-law/index.html]
[simplefinance.net/bg/wp-json/oembed/1.0/embed21c8]
[secureservercdn.net/160.153.137.170/m8d.8b4.myftpupload.com/wp-content/uploads/elementor/css/post-3430fbb3.css]
[simplefinance.net/bg/контакти/feed/index.html]
[simplefinance.net/bg/wp-json/wp/v2/pages/3430.json]
[simplefinance.net/bg/wp-json/oembed/1.0/embed1fed.json]
[simplefinance.net/bg/wp-json/oembed/1.0/embed84c3]
[simplefinance.net/bg/контакти/index.html]
[secureservercdn.net/160.153.137.170/m8d.8b4.myftpupload.com/wp-content/uploads/elementor/css/post-47160934.css]
[secureservercdn.net/160.153.137.170/m8d.8b4.myftpupload.com/wp-content/uploads/elementor/css/post-5562f1e6.css]
[secureservercdn.net/160.153.137.170/m8d.8b4.myftpupload.com/wp-content/uploads/elementor/css/post-5582305d.css]
[simplefinance.net/bg/wp-json/wp/v2/pages/4716.json]
[simplefinance.net/bg/wp-json/oembed/1.0/embed19f0.json]
[simplefinance.net/bg/wp-json/oembed/1.0/embeda259]
[secureservercdn.net/160.153.137.170/m8d.8b4.myftpupload.com/wp-content/plugins/cookie-law-info/public/css/cookie-law-info-tableccd1.css]
[simplefinance.net/bg/obshti-usloviq/index.html]
[secureservercdn.net/160.153.137.170/m8d.8b4.myftpupload.com/wp-content/uploads/elementor/css/post-4697d6d7.css]
[simplefinance.net/bg/wp-json/wp/v2/pages/4697.json]
[simplefinance.net/bg/wp-json/oembed/1.0/embedb5be.json]
[simplefinance.net/bg/wp-json/oembed/1.0/embed2771]
[simplefinance.net/bg/защита-на-личните-данни/index.html]
[simplefinance.net/bg/politika-na-poveritelnost/index.html]
[www.google.com/searchab38.html]
[www.google.com/intl/bg/about/index.html]
[simplefinance.net/index1c40.html]
[simplefinance.net/index6215.html]
[simplefinance.net/index33f9.html]
[simplefinance.net/indexf66f.html]
[fonts.googleapis.com/css95b8.css]
[simplefinance.net/indexbdf8.html]
[simplefinance.net/index48db.html]
[secureservercdn.net/160.153.137.170/m8d.8b4.myftpupload.com/wp-content/uploads/elementor/css/post-4711a14f.css]
[simplefinance.net/bg/wp-json/wp/v2/pages/4711.json]
[simplefinance.net/bg/wp-json/oembed/1.0/embed307e.json]
[simplefinance.net/bg/wp-json/oembed/1.0/embede879]
[simplefinance.net/bg/politika-za-poveritelnost/index.html]
[simplefinance.net/index1919.html]
[simplefinance.net/bg/index1b0c.html]
[simplefinance.net/bg/index4b40.html]
[simplefinance.net/bg/indexb2f2.html]
[simplefinance.net/bg/index6611.html]
[fonts.googleapis.com/cssfc99.css]
[simplefinance.net/bg/index30b8.html]
[simplefinance.net/bg/index8615.html]
[secureservercdn.net/index.html]
[simplefinance.net/bg/index0e30.html]
[simplefinance.net/feed/index.html]
[simplefinance.net/comments/feed/index.html]
[simplefinance.net/sample-page/feed/index.html]
[simplefinance.net/wp-json/index.html]
[simplefinance.net/wp-json/wp/v2/pages/2.json]
[www.google.com/recaptcha/api486e.js]
[simplefinance.net/bg/feed/index.html]
[simplefinance.net/bg/comments/feed/index.html]
[simplefinance.net/bg/elementor-3155/feed/index.html]
[simplefinance.net/bg/wp-json/index.html]
[simplefinance.net/bg/wp-json/wp/v2/pages/3155.json]
[secureservercdn.net/160.153.137.170/m8d.8b4.myftpupload.com/wp-content/plugins/pagelayer/css/givecssb971.html]
[www.google.com/logos/doodles/2022/nowruz-2022-6753651837109194.3-l.png]
[secureservercdn.net/160.153.137.170/m8d.8b4.myftpupload.com/wp-content/plugins/lastudio-element-kit/assets/css/addons/css-transformd9b3.css]
[simplefinance.net/simple-marketing/feed/index.html]
[secureservercdn.net/160.153.137.170/m8d.8b4.myftpupload.com/wp-includes/css/dist/block-library/style.min58e3.css]
[simplefinance.net/wp-json/wp/v2/pages/760.json]
[secureservercdn.net/160.153.137.170/m8d.8b4.myftpupload.com/wp-content/plugins/contact-form-7/includes/css/stylesc135.css]
[secureservercdn.net/160.153.137.170/m8d.8b4.myftpupload.com/wp-content/plugins/revslider/public/assets/js/rs6.min8208.js]
[secureservercdn.net/160.153.137.170/m8d.8b4.myftpupload.com/wp-content/plugins/cookie-law-info/public/css/cookie-law-info-publicccd1.css]
[secureservercdn.net/160.153.137.170/m8d.8b4.myftpupload.com/wp-content/plugins/revslider/public/assets/js/rs6.min9bdb.js]
[secureservercdn.net/160.153.137.170/m8d.8b4.myftpupload.com/wp-content/plugins/cookie-law-info/public/css/cookie-law-info-gdprccd1.css]
[secureservercdn.net/160.153.137.170/m8d.8b4.myftpupload.com/wp-content/plugins/sitepress-multilingual-cms/templates/language-switchers/legacy-list-horizontal/style.min.6ceaba.delaye]
[secureservercdn.net/160.153.137.170/m8d.8b4.myftpupload.com/wp-content/plugins/sitepress-multilingual-cms/templates/language-switchers/legacy-list-horizontal/style.min1f37.css]
[simplefinance.net/wp-json/oembed/1.0/embed9914.json]
[secureservercdn.net/160.153.137.170/m8d.8b4.myftpupload.com/wp-content/plugins/sitepress-multilingual-cms/templates/language-switchers/menu-item/style.min1f37.css]
[secureservercdn.net/160.153.137.170/m8d.8b4.myftpupload.com/wp-content/plugins/header-footer-elementor/assets/css/header-footer-elementorb782.css]
[secureservercdn.net/160.153.137.170/m8d.8b4.myftpupload.com/wp-content/uploads/2021/08/icon2832a6.png]
[secureservercdn.net/160.153.137.170/m8d.8b4.myftpupload.com/wp-content/uploads/2021/10/insta-132a6.png]
[secureservercdn.net/160.153.137.170/m8d.8b4.myftpupload.com/wp-content/uploads/2021/10/insta32a6.png]
[secureservercdn.net/160.153.137.170/m8d.8b4.myftpupload.com/wp-content/plugins/elementor/assets/lib/eicons/css/elementor-icons.min0059.css]
[simplefinance.net/simple-it/feed/index.html]
[simplefinance.net/wp-json/wp/v2/pages/765.json]
[secureservercdn.net/160.153.137.170/m8d.8b4.myftpupload.com/wp-content/plugins/elementor/assets/css/frontend.min8f16.css]
[secureservercdn.net/160.153.137.170/m8d.8b4.myftpupload.com/wp-content/uploads/2021/10/linkedin32a6.png]
[secureservercdn.net/160.153.137.170/m8d.8b4.myftpupload.com/wp-content/uploads/elementor/css/post-147d6d7.css]
[simplefinance.net/simple-law/feed/index.html]
[secureservercdn.net/160.153.137.170/m8d.8b4.myftpupload.com/wp-content/uploads/2021/08/Untitled-1-0732a6.png]
[secureservercdn.net/160.153.137.170/m8d.8b4.myftpupload.com/wp-content/uploads/2021/08/Untitled-1-06-132a6.png]
[secureservercdn.net/160.153.137.170/m8d.8b4.myftpupload.com/wp-content/uploads/2021/08/image432a6.jpg]
[m8d.8b4.myftpupload.com/wp-content/uploads/2021/07/home1-banner2.jpg]
[simplefinance.net/contacts/feed/index.html]
[simplefinance.net/wp-json/wp/v2/pages/6077.json]
[simplefinance.net/wp-json/wp/v2/pages/767.json]
[m8d.8b4.myftpupload.com/wp-content/uploads/2021/07/Simple-Finance_Brand-Identity-landing8ogo.png]
[simplefinance.net/wp-json/oembed/1.0/embed295a.json]
[simplefinance.net/wp-json/wp/v2/pages/4966.json]
[simplefinance.net/wp-json/oembed/1.0/embed8d8e.json]
[simplefinance.net/wp-json/oembed/1.0/embed475e.json]
[simplefinance.net/wp-json/wp/v2/pages/4968.json]
[simplefinance.net/wp-json/wp/v2/pages/4963.json]
[m8d.8b4.myftpupload.com/wp-content/uploads/2021/07/MicrosoftTeams-image-16.jpg]
[simplefinance.net/bg/simple-marketing/feed/index.html]
[simplefinance.net/bg/wp-json/wp/v2/pages/3250.json]
[simplefinance.net/bg/wp-json/oembed/1.0/embed7c83.json]
[m8d.8b4.myftpupload.com/wp-content/uploads/2021/07/home01-case-studies-box-img01.jpg]
[simplefinance.net/bg/simple-it/feed/index.html]
[simplefinance.net/bg/simple-law/feed/index.html]
[simplefinance.net/bg/wp-json/oembed/1.0/embed516f.json]
[simplefinance.net/bg/wp-json/wp/v2/pages/3380.json]
[m8d.8b4.myftpupload.com/wp-content/uploads/2021/07/image01.jpg]
[simplefinance.net/bg/wp-json/oembed/1.0/embed1b61.json]
[simplefinance.net/bg/контакти/feed/index.html]
[simplefinance.net/bg/wp-json/wp/v2/pages/6158.json]
[m8d.8b4.myftpupload.com/wp-content/uploads/2021/07/box-bg-03.jpg]
[simplefinance.net/bg/wp-json/wp/v2/pages/4716.json]
[simplefinance.net/bg/wp-json/wp/v2/pages/3430.json]
[simplefinance.net/bg/wp-json/oembed/1.0/embedb5be.json]
[simplefinance.net/bg/wp-json/wp/v2/pages/4697.json]
[simplefinance.net/bg/wp-json/wp/v2/pages/4711.json]
[m8d.8b4.myftpupload.com/wp-content/uploads/2021/07/box-bg-04.jpg]
[m8d.8b4.myftpupload.com/wp-content/uploads/2021/07/home1-banner2.jpg]
[m8d.8b4.myftpupload.com/wp-content/uploads/2021/07/MicrosoftTeams-image-16.jpg]
[simplefinance.net/bg/wp-json/oembed/1.0/embed307e.json]
[m8d.8b4.myftpupload.com/wp-content/uploads/2021/07/bizcorp-hm01-img01.jpg]
[m8d.8b4.myftpupload.com/wp-content/uploads/2021/07/testimonial-bg-1.jpg]
[secureservercdn.net/160.153.137.170/m8d.8b4.myftpupload.com/wp-content/uploads/elementor/css/post-2945b.css]
[secureservercdn.net/160.153.137.170/m8d.8b4.myftpupload.com/wp-content/plugins/header-footer-elementor/inc/widgets-css/frontendb782.css]
[secureservercdn.net/160.153.137.170/m8d.8b4.myftpupload.com/wp-content/uploads/elementor/css/post-5459f5c3.css]
[secureservercdn.net/160.153.137.170/m8d.8b4.myftpupload.com/wp-content/uploads/elementor/css/post-5685b53d.css]
[secureservercdn.net/160.153.137.170/m8d.8b4.myftpupload.com/wp-content/uploads/popularfx-templates/financy/style487a.css]
[secureservercdn.net/160.153.137.170/m8d.8b4.myftpupload.com/wp-content/themes/popularfx/sidebar487a.css]
[secureservercdn.net/160.153.137.170/m8d.8b4.myftpupload.com/wp-content/plugins/elementskit-lite/modules/elementskit-icon-pack/assets/css/ekiticons5e01.css]
[secureservercdn.net/160.153.137.170/m8d.8b4.myftpupload.com/wp-content/plugins/elementskit-lite/widgets/init/assets/img/arrow.png]
[secureservercdn.net/160.153.137.170/m8d.8b4.myftpupload.com/wp-content/plugins/elementskit-lite/widgets/init/assets/img/sort_asc.png]
[secureservercdn.net/160.153.137.170/m8d.8b4.myftpupload.com/wp-content/plugins/elementskit-lite/widgets/init/assets/img/sort_desc.png]
[secureservercdn.net/160.153.137.170/m8d.8b4.myftpupload.com/wp-content/plugins/elementskit-lite/widgets/init/assets/img/sort_asc_disabled.png]
[secureservercdn.net/160.153.137.170/m8d.8b4.myftpupload.com/wp-content/plugins/elementskit-lite/widgets/init/assets/css/widget-styles5e01.css]
[secureservercdn.net/160.153.137.170/m8d.8b4.myftpupload.com/wp-content/plugins/elementskit-lite/widgets/init/assets/css/responsive5e01.css]
[secureservercdn.net/160.153.137.170/m8d.8b4.myftpupload.com/wp-content/plugins/elementor/assets/lib/font-awesome/css/fontawesome.min24d1.css]
[secureservercdn.net/160.153.137.170/m8d.8b4.myftpupload.com/wp-content/plugins/elementor/assets/lib/font-awesome/css/solid.min24d1.css]
[secureservercdn.net/160.153.137.170/m8d.8b4.myftpupload.com/wp-content/plugins/lastudio-element-kit/includes/framework/elementor-extension/assets/css/icofont3ab7.css]
[secureservercdn.net/160.153.137.170/m8d.8b4.myftpupload.com/wp-content/plugins/elementor/assets/lib/font-awesome/css/regular.min24d1.css]
[secureservercdn.net/160.153.137.170/m8d.8b4.myftpupload.com/wp-content/plugins/elementor/assets/lib/font-awesome/css/brands.min24d1.css]
[secureservercdn.net/160.153.137.170/m8d.8b4.myftpupload.com/wp-content/plugins/lastudio-element-kit/assets/css/addons/motion-fxd9b3.css]
[secureservercdn.net/160.153.137.170/m8d.8b4.myftpupload.com/wp-content/plugins/elementor/assets/lib/animations/animations.min8f16.css]
[simplefinance.net/xmlrpc0db0.php]
[secureservercdn.net/160.153.137.170/m8d.8b4.myftpupload.com/wp-content/plugins/revslider/public/assets/css/openhand.ico]
[secureservercdn.net/160.153.137.170/m8d.8b4.myftpupload.com/wp-content/plugins/revslider/public/assets/css/closedhand.ico]
[secureservercdn.net/160.153.137.170/m8d.8b4.myftpupload.com/wp-content/plugins/revslider/public/assets/assets/gridtile.png]
[secureservercdn.net/160.153.137.170/m8d.8b4.myftpupload.com/wp-content/plugins/revslider/public/assets/assets/gridtile_white.png]
[secureservercdn.net/160.153.137.170/m8d.8b4.myftpupload.com/wp-content/plugins/revslider/public/assets/assets/gridtile_3x3.png]
[secureservercdn.net/160.153.137.170/m8d.8b4.myftpupload.com/wp-content/plugins/revslider/public/assets/assets/gridtile_3x3_white.png]
[secureservercdn.net/160.153.137.170/m8d.8b4.myftpupload.com/wp-content/plugins/revslider/public/assets/assets/coloredbg.png]
[secureservercdn.net/160.153.137.170/m8d.8b4.myftpupload.com/wp-content/plugins/revslider/public/assets/assets/loader.gif]
[secureservercdn.net/160.153.137.170/m8d.8b4.myftpupload.com/wp-content/plugins/revslider/public/assets/css/rs69bdb.css]
[img1.wsimg.com/tcc/tcc_l.combined.1.0.6.min.js]
[secureservercdn.net/160.153.137.170/m8d.8b4.myftpupload.com/wp-content/plugins/pagelayer/css/givecssa7ac.html]
[secureservercdn.net/160.153.137.170/m8d.8b4.myftpupload.com/wp-content/plugins/lastudio-element-kit/assets/css/addons/css-transform5bad.css]
[secureservercdn.net/160.153.137.170/m8d.8b4.myftpupload.com/wp-includes/css/dist/block-library/style.min8137.css]
[secureservercdn.net/160.153.137.170/m8d.8b4.myftpupload.com/wp-content/plugins/contact-form-7/includes/css/styles900c.css]
[secureservercdn.net/160.153.137.170/m8d.8b4.myftpupload.com/wp-content/plugins/cookie-law-info/public/css/cookie-law-info-public5b25.css]
[secureservercdn.net/160.153.137.170/m8d.8b4.myftpupload.com/wp-content/plugins/cookie-law-info/public/css/cookie-law-info-gdpr5b25.css]
[secureservercdn.net/160.153.137.170/m8d.8b4.myftpupload.com/wp-content/plugins/sitepress-multilingual-cms/templates/language-switchers/legacy-list-horizontal/style.min.6ceaba.delaye]
[secureservercdn.net/160.153.137.170/m8d.8b4.myftpupload.com/wp-content/plugins/sitepress-multilingual-cms/templates/language-switchers/menu-item/style.mineaba.css]
[secureservercdn.net/160.153.137.170/m8d.8b4.myftpupload.com/wp-content/plugins/header-footer-elementor/assets/css/header-footer-elementor29bd.css]
[secureservercdn.net/160.153.137.170/m8d.8b4.myftpupload.com/wp-content/plugins/elementor/assets/lib/eicons/css/elementor-icons.mincc7b.css]
[secureservercdn.net/160.153.137.170/m8d.8b4.myftpupload.com/wp-content/plugins/elementor/assets/css/frontend.mincec8.css]
[secureservercdn.net/160.153.137.170/m8d.8b4.myftpupload.com/wp-content/uploads/elementor/css/post-147b103.css]
[m8d.8b4.myftpupload.com/wp-content/uploads/2021/07/image02.jpg]
[m8d.8b4.myftpupload.com/wp-content/uploads/2021/07/news-box-text-bg.jpg]
[m8d.8b4.myftpupload.com/wp-content/uploads/2021/07/image03.jpg]
[m8d.8b4.myftpupload.com/wp-content/uploads/2021/07/image04.jpg]
[secureservercdn.net/160.153.137.170/m8d.8b4.myftpupload.com/wp-content/uploads/elementor/css/post-31552a64.css]
[secureservercdn.net/160.153.137.170/m8d.8b4.myftpupload.com/wp-content/plugins/header-footer-elementor/inc/widgets-css/frontend29bd.css]
[secureservercdn.net/160.153.137.170/m8d.8b4.myftpupload.com/wp-content/uploads/elementor/css/post-5562779c.css]
[secureservercdn.net/160.153.137.170/m8d.8b4.myftpupload.com/wp-content/uploads/elementor/css/post-57110aac.css]
[secureservercdn.net/160.153.137.170/m8d.8b4.myftpupload.com/wp-content/uploads/popularfx-templates/financy/style130b.css]
[secureservercdn.net/160.153.137.170/m8d.8b4.myftpupload.com/wp-content/themes/popularfx/sidebar130b.css]
[secureservercdn.net/160.153.137.170/m8d.8b4.myftpupload.com/wp-content/plugins/elementskit-lite/modules/elementskit-icon-pack/assets/css/ekiticonsc772.css]
[secureservercdn.net/160.153.137.170/m8d.8b4.myftpupload.com/wp-content/plugins/elementskit-lite/widgets/init/assets/css/widget-stylesc772.css]
[secureservercdn.net/160.153.137.170/m8d.8b4.myftpupload.com/wp-content/plugins/elementskit-lite/widgets/init/assets/css/responsivec772.css]
[secureservercdn.net/160.153.137.170/m8d.8b4.myftpupload.com/wp-content/plugins/elementor/assets/lib/font-awesome/css/fontawesome.min345b.css]
[secureservercdn.net/160.153.137.170/m8d.8b4.myftpupload.com/wp-content/plugins/elementor/assets/lib/font-awesome/css/solid.min345b.css]
[secureservercdn.net/160.153.137.170/m8d.8b4.myftpupload.com/wp-content/plugins/lastudio-element-kit/includes/framework/elementor-extension/assets/css/icofontb7f8.css]
[secureservercdn.net/160.153.137.170/m8d.8b4.myftpupload.com/wp-content/plugins/elementor/assets/lib/font-awesome/css/regular.min345b.css]
[secureservercdn.net/160.153.137.170/m8d.8b4.myftpupload.com/wp-content/plugins/elementor/assets/lib/font-awesome/css/brands.min345b.css]
[secureservercdn.net/160.153.137.170/m8d.8b4.myftpupload.com/wp-content/plugins/lastudio-element-kit/assets/css/addons/motion-fx5bad.css]
[secureservercdn.net/160.153.137.170/m8d.8b4.myftpupload.com/wp-content/plugins/cookie-law-info/images/td_back.gif]
[secureservercdn.net/160.153.137.170/m8d.8b4.myftpupload.com/wp-content/plugins/cookie-law-info/public/css/cookie-law-info-table5b25.css]
[secureservercdn.net/160.153.137.170/m8d.8b4.myftpupload.com/wp-content/plugins/elementor/assets/lib/animations/animations.mincec8.css]
[secureservercdn.net/160.153.137.170/m8d.8b4.myftpupload.com/wp-content/plugins/revslider/public/assets/css/rs68208.css]
[www.google.com/intl/bg/about/index.html]
[m8d.8b4.myftpupload.com/wp-content/uploads/2021/08/Untitled-1.jpg]
[secureservercdn.net/160.153.137.170/m8d.8b4.myftpupload.com/wp-content/uploads/elementor/css/post-760bcb4.css]
[secureservercdn.net/160.153.137.170/m8d.8b4.myftpupload.com/wp-content/uploads/elementor/css/post-54595219.css]
[simplefinance.net/index1c40.html]
[secureservercdn.net/160.153.137.170/m8d.8b4.myftpupload.com/wp-content/uploads/2021/08/Untitled-1-0432a6.png]
[m8d.8b4.myftpupload.com/wp-content/uploads/2021/08/2.jpg]
[secureservercdn.net/160.153.137.170/m8d.8b4.myftpupload.com/wp-content/uploads/2021/08/Untitled-1-0532a6.png]
[secureservercdn.net/160.153.137.170/m8d.8b4.myftpupload.com/wp-content/uploads/elementor/css/post-7653ac2.css]
[simplefinance.net/index6215.html]
[simplefinance.net/wp-content/uploads/2021/12/law-1.jpg]
[secureservercdn.net/160.153.137.170/m8d.8b4.myftpupload.com/wp-content/uploads/elementor/css/post-607700d3.css]
[secureservercdn.net/160.153.137.170/m8d.8b4.myftpupload.com/wp-content/uploads/elementor/css/post-5685b230.css]
[simplefinance.net/index33f9.html]
[secureservercdn.net/160.153.137.170/m8d.8b4.myftpupload.com/wp-content/uploads/elementor/css/post-767be56.css]
[simplefinance.net/indexf66f.html]
[simplefinance.net/wp-content/uploads/2021/08/Untitled-1.jpg]
[secureservercdn.net/160.153.137.170/m8d.8b4.myftpupload.com/wp-content/uploads/elementor/css/post-496651fa.css]
[secureservercdn.net/160.153.137.170/m8d.8b4.myftpupload.com/wp-content/uploads/elementor/css/post-58182c5e.css]
[simplefinance.net/indexbdf8.html]
[simplefinance.net/wp-json/oembed/1.0/embede7af]
[simplefinance.net/wp-content/uploads/2021/07/BizCorp-2-banner-1.jpg]
[secureservercdn.net/160.153.137.170/m8d.8b4.myftpupload.com/wp-content/uploads/elementor/css/post-49631495.css]
[simplefinance.net/index48db.html]
[secureservercdn.net/160.153.137.170/m8d.8b4.myftpupload.com/wp-content/uploads/elementor/css/post-496813a2.css]
[simplefinance.net/index1919.html]
[secureservercdn.net/160.153.137.170/m8d.8b4.myftpupload.com/wp-content/uploads/elementor/css/post-325090c4.css]
[simplefinance.net/bg/index1b0c.html]
[secureservercdn.net/160.153.137.170/m8d.8b4.myftpupload.com/wp-content/uploads/elementor/css/post-3380b1f3.css]
[secureservercdn.net/160.153.137.170/m8d.8b4.myftpupload.com/wp-content/uploads/elementor/css/post-5582b9b0.css]
[simplefinance.net/bg/index4b40.html]
[secureservercdn.net/160.153.137.170/m8d.8b4.myftpupload.com/wp-content/uploads/elementor/css/post-6158ddf8.css]
[simplefinance.net/bg/indexb2f2.html]
[secureservercdn.net/160.153.137.170/m8d.8b4.myftpupload.com/wp-content/uploads/elementor/css/post-3430fbb3.css]
[simplefinance.net/bg/index6611.html]
[secureservercdn.net/160.153.137.170/m8d.8b4.myftpupload.com/wp-content/uploads/elementor/css/post-47160934.css]
[secureservercdn.net/160.153.137.170/m8d.8b4.myftpupload.com/wp-content/uploads/elementor/css/post-5562f1e6.css]
[secureservercdn.net/160.153.137.170/m8d.8b4.myftpupload.com/wp-content/uploads/elementor/css/post-5582305d.css]
[simplefinance.net/bg/index30b8.html]
[secureservercdn.net/160.153.137.170/m8d.8b4.myftpupload.com/wp-content/plugins/cookie-law-info/public/css/cookie-law-info-tableccd1.css]
[secureservercdn.net/160.153.137.170/m8d.8b4.myftpupload.com/wp-content/uploads/elementor/css/post-4697d6d7.css]
[simplefinance.net/bg/index8615.html]
[simplefinance.net/wp-json/oembed/1.0/embedd82c]
[secureservercdn.net/160.153.137.170/m8d.8b4.myftpupload.com/wp-content/uploads/elementor/css/post-4711a14f.css]
[simplefinance.net/bg/index0e30.html]
[secureservercdn.net/160.153.137.170/m8d.8b4.myftpupload.com/wp-content/plugins/elementor/assets/lib/eicons/fonts/eiconsa481.svg]
[secureservercdn.net/160.153.137.170/m8d.8b4.myftpupload.com/wp-content/plugins/elementskit-lite/widgets/init/assets/img/cross-out.svg]
[secureservercdn.net/160.153.137.170/m8d.8b4.myftpupload.com/wp-content/plugins/elementor/assets/lib/font-awesome/webfonts/fa-solid-900.svg]
[secureservercdn.net/160.153.137.170/m8d.8b4.myftpupload.com/wp-content/plugins/elementor/assets/lib/font-awesome/webfonts/fa-regular-400.svg]
[secureservercdn.net/160.153.137.170/m8d.8b4.myftpupload.com/wp-content/plugins/elementor/assets/lib/font-awesome/webfonts/fa-brands-400.svg]
[secureservercdn.net/160.153.137.170/m8d.8b4.myftpupload.com/wp-content/plugins/revslider/public/assets/fonts/revicons/revicons90c6.svg]
[simplefinance.net/bg/wp-json/oembed/1.0/embed2771]
[secureservercdn.net/160.153.137.170/m8d.8b4.myftpupload.com/wp-content/uploads/2021/08/Untitled-1-0432a6.png]
[secureservercdn.net/160.153.137.170/m8d.8b4.myftpupload.com/wp-content/uploads/2021/08/Untitled-1-0532a6.png]
[simplefinance.net/bg/wp-json/oembed/1.0/embede879]
